// Jest Snapshot v1, https://goo.gl/fbAQLP

exports[`AnalysisScreen renders without crashing 1`] = `
<Fragment>
  <ScreensTemplate
    assetsListArray={
      Array [
        Array [],
      ]
    }
    bodyComponent={[Function]}
    searchResult={Array []}
    selectedNavLinkIndex={3}
    setMessageType={[MockFunction]}
    setSearchResult={[MockFunction]}
    setStatusMessage={[MockFunction]}
  />
</Fragment>
`;

exports[`Snapshot Test AnalysisDetailItem 1`] = `
<ForwardRef(ListItem)
  className="hoverElement"
  onMouseEnter={[Function]}
  onMouseLeave={[Function]}
  sx={
    Object {
      "borderBottom": "2px solid lightgrey",
    }
  }
>
  <ForwardRef(Container)
    className="d-flex flex-row p-0"
    sx={
      Object {
        "margin": "0",
        "maxWidth": "initial !important",
      }
    }
  >
    <ForwardRef(Box)
      className="d-flex flex-column mt-6 col-6 col-sm-6 me-6"
    >
      <ForwardRef(Typography)
        className="align-self-start fw-bold px-1"
        component="span"
        fontSize={
          Object {
            "md": 14,
            "xs": 12,
          }
        }
        noWrap={true}
        sx={
          Object {
            "alignItems": "flex-end",
          }
        }
      >
        IBM
      </ForwardRef(Typography)>
    </ForwardRef(Box)>
    <ForwardRef(Box)
      className="d-flex flex-row-reverse mt-6 col-6 col-sm-6 me-6"
    >
      <ForwardRef(Typography)
        className="align-self-start fw-bold px-1"
        component="span"
        fontSize={
          Object {
            "md": 14,
            "xs": 12,
          }
        }
        noWrap={true}
      >
        32
         %
      </ForwardRef(Typography)>
    </ForwardRef(Box)>
  </ForwardRef(Container)>
</ForwardRef(ListItem)>
`;
