// Jest Snapshot v1, https://goo.gl/fbAQLP

exports[`AnalysisScreen renders without crashing 1`] = `
<Router
  location={
    Object {
      "hash": "",
      "key": "default",
      "pathname": "/",
      "search": "",
      "state": null,
    }
  }
  navigationType="POP"
  navigator={
    Object {
      "action": "POP",
      "back": [Function],
      "block": [Function],
      "createHref": [Function],
      "forward": [Function],
      "go": [Function],
      "listen": [Function],
      "location": Object {
        "hash": "",
        "key": "default",
        "pathname": "/",
        "search": "",
        "state": null,
      },
      "push": [Function],
      "replace": [Function],
    }
  }
>
  <AnalysisScreen
    activePortfolio="Portfolio"
    assetsListArray={
      Array [
        Array [],
      ]
    }
    portfolioData={
      Object {
        "Portfolio": Object {
          "activities": Array [],
          "activitiesLastId": -1,
          "cash": Array [],
          "cashValue": 0,
          "crypto": Array [],
          "cryptoValue": 0,
          "dailyDataForPerformanceGraph": Object {},
          "dailyDataForValueDevelopment": Object {},
          "gains": 0,
          "name": "Portfolio",
          "performanceWithRealisedGains": 0,
          "performanceWithoutRealisedGains": 0,
          "realisedGains": 0,
          "shareValue": 0,
          "shares": Array [],
          "totalGains": 0,
          "updated": "1970-01-01",
          "value": 0,
        },
      }
    }
    searchResult={Array []}
    setMessageType={[MockFunction]}
    setPortfolioData={[MockFunction]}
    setSearchResult={[MockFunction]}
    setStatusMessage={[MockFunction]}
    watchListsArray={Array []}
  />
</Router>
`;

exports[`Snapshot Test AnalysisDetailItem 1`] = `
<ForwardRef(ListItem)
  className="hoverElement"
  onMouseEnter={[Function]}
  onMouseLeave={[Function]}
  sx={
    Object {
      "borderBottom": "2px solid lightgrey",
    }
  }
>
  <ForwardRef(Container)
    className="d-flex flex-row p-0"
    sx={
      Object {
        "margin": "0",
        "maxWidth": "initial !important",
      }
    }
  >
    <ForwardRef(Box)
      className="d-flex flex-column mt-6 col-6 col-sm-6 me-6"
    >
      <ForwardRef(Typography)
        className="align-self-start fw-bold px-1"
        component="span"
        fontSize={
          Object {
            "md": 14,
            "xs": 12,
          }
        }
        noWrap={true}
        sx={
          Object {
            "alignItems": "flex-end",
          }
        }
      >
        IBM
      </ForwardRef(Typography)>
    </ForwardRef(Box)>
    <ForwardRef(Box)
      className="d-flex flex-row-reverse mt-6 col-6 col-sm-6 me-6"
    >
      <ForwardRef(Typography)
        className="align-self-start fw-bold px-1"
        component="span"
        fontSize={
          Object {
            "md": 14,
            "xs": 12,
          }
        }
        noWrap={true}
      >
        32
         %
      </ForwardRef(Typography)>
    </ForwardRef(Box)>
  </ForwardRef(Container)>
</ForwardRef(ListItem)>
`;
