// Jest Snapshot v1, https://goo.gl/fbAQLP

exports[`SettingsScreen renders without crashing 1`] = `
<Router
  location={
    Object {
      "hash": "",
      "key": "default",
      "pathname": "/",
      "search": "",
      "state": null,
    }
  }
  navigationType="POP"
  navigator={
    Object {
      "action": "POP",
      "back": [Function],
      "block": [Function],
      "createHref": [Function],
      "forward": [Function],
      "go": [Function],
      "listen": [Function],
      "location": Object {
        "hash": "",
        "key": "default",
        "pathname": "/",
        "search": "",
        "state": null,
      },
      "push": [Function],
      "replace": [Function],
    }
  }
>
  <SettingsScreen
    activePortfolio="Portfolio"
    assetsListArray={
      Array [
        Array [],
      ]
    }
    emptyPortfolioData={
      Object {
        "Portfolio": Object {
          "activities": Array [],
          "cash": Array [],
          "crypto": Array [],
          "gains": 0,
          "name": "Portfolio",
          "performance": 0,
          "realisedGains": 0,
          "shares": Array [],
          "updated": "1970-01-01",
          "value": 0,
        },
      }
    }
    portfolioData={Object {}}
    searchResult={Array []}
    setActivePortfolio={[MockFunction]}
    setAssetsListArray={[MockFunction]}
    setMessageType={[MockFunction]}
    setPortfolioData={[MockFunction]}
    setSearchResult={[MockFunction]}
    setStatusMessage={[MockFunction]}
    setWatchListsArray={[MockFunction]}
    watchListsArray={Array []}
  />
</Router>
`;
